// Jest Snapshot v1, https://goo.gl/fbAQLP

exports[`Auth API Can sign in 1`] = `undefined`;

exports[`Auth API Returns error if credentials are invalid 1`] = `undefined`;
